[    0.000000] Linux version 4.15.0-106-generic (buildd@lcy01-amd64-016) (gcc version 7.5.0 (Ubuntu 7.5.0-3ubuntu1~18.04)) #107-Ubuntu SMP Thu Jun 4 11:27:52 UTC 2020 (Ubuntu 4.15.0-106.107-generic 4.15.18)
[    0.000000] Command line: BOOT_IMAGE=/boot/vmlinuz-4.15.0-106-generic root=LABEL=cloudimg-rootfs ro console=tty1 console=ttyS0
[    0.000000] KERNEL supported cpus:
[    0.000000]   Intel GenuineIntel
[    0.000000]   AMD AuthenticAMD
[    0.000000]   Centaur CentaurHauls
[    0.000000] x86/fpu: Supporting XSAVE feature 0x001: 'x87 floating point registers'
[    0.000000] x86/fpu: Supporting XSAVE feature 0x002: 'SSE registers'
[    0.000000] x86/fpu: Supporting XSAVE feature 0x004: 'AVX registers'
[    0.000000] x86/fpu: xstate_offset[2]:  576, xstate_sizes[2]:  256
[    0.000000] x86/fpu: Enabled xstate features 0x7, context size is 832 bytes, using 'standard' format.
[    0.000000] e820: BIOS-provided physical RAM map:
[    0.000000] BIOS-e820: [mem 0x0000000000000000-0x000000000009fbff] usable
[    0.000000] BIOS-e820: [mem 0x000000000009fc00-0x000000000009ffff] reserved
[    0.000000] BIOS-e820: [mem 0x00000000000f0000-0x00000000000fffff] reserved
[    0.000000] BIOS-e820: [mem 0x0000000000100000-0x000000007ffeffff] usable
[    0.000000] BIOS-e820: [mem 0x000000007fff0000-0x000000007fffffff] ACPI data
[    0.000000] BIOS-e820: [mem 0x00000000fec00000-0x00000000fec00fff] reserved
[    0.000000] BIOS-e820: [mem 0x00000000fee00000-0x00000000fee00fff] reserved
[    0.000000] BIOS-e820: [mem 0x00000000fffc0000-0x00000000ffffffff] reserved
[    0.000000] NX (Execute Disable) protection: active
[    0.000000] SMBIOS 2.5 present.
[    0.000000] DMI: innotek GmbH VirtualBox/VirtualBox, BIOS VirtualBox 12/01/2006
[    0.000000] Hypervisor detected: KVM
[    0.000000] e820: last_pfn = 0x7fff0 max_arch_pfn = 0x400000000
[    0.000000] MTRR: Disabled
[    0.000000] x86/PAT: MTRRs disabled, skipping PAT initialization too.
[    0.000000] CPU MTRRs all blank - virtualized system.
[    0.000000] x86/PAT: Configuration [0-7]: WB  WT  UC- UC  WB  WT  UC- UC  
[    0.000000] found SMP MP-table at [mem 0x0009fff0-0x0009ffff]
[    0.000000] Scanning 1 areas for low memory corruption
[    0.000000] RAMDISK: [mem 0x35a6b000-0x36d2cfff]
[    0.000000] ACPI: Early table checksum verification disabled
[    0.000000] ACPI: RSDP 0x00000000000E0000 000024 (v02 VBOX  )
[    0.000000] ACPI: XSDT 0x000000007FFF0030 00003C (v01 VBOX   VBOXXSDT 00000001 ASL  00000061)
[    0.000000] ACPI: FACP 0x000000007FFF00F0 0000F4 (v04 VBOX   VBOXFACP 00000001 ASL  00000061)
[    0.000000] ACPI: DSDT 0x000000007FFF0470 0022EA (v02 VBOX   VBOXBIOS 00000002 INTL 20100528)
[    0.000000] ACPI: FACS 0x000000007FFF0200 000040
[    0.000000] ACPI: FACS 0x000000007FFF0200 000040
[    0.000000] ACPI: APIC 0x000000007FFF0240 00005C (v02 VBOX   VBOXAPIC 00000001 ASL  00000061)
[    0.000000] ACPI: SSDT 0x000000007FFF02A0 0001CC (v01 VBOX   VBOXCPUT 00000002 INTL 20100528)
[    0.000000] No NUMA configuration found
[    0.000000] Faking a node at [mem 0x0000000000000000-0x000000007ffeffff]
[    0.000000] NODE_DATA(0) allocated [mem 0x7ffc5000-0x7ffeffff]
[    0.000000] kvm-clock: cpu 0, msr 0:7ff44001, primary cpu clock
[    0.000000] kvm-clock: Using msrs 4b564d01 and 4b564d00
[    0.000000] kvm-clock: using sched offset of 3245743985 cycles
[    0.000000] clocksource: kvm-clock: mask: 0xffffffffffffffff max_cycles: 0x1cd42e4dffb, max_idle_ns: 881590591483 ns
[    0.000000] Zone ranges:
[    0.000000]   DMA      [mem 0x0000000000001000-0x0000000000ffffff]
[    0.000000]   DMA32    [mem 0x0000000001000000-0x000000007ffeffff]
[    0.000000]   Normal   empty
[    0.000000]   Device   empty
[    0.000000] Movable zone start for each node
[    0.000000] Early memory node ranges
[    0.000000]   node   0: [mem 0x0000000000001000-0x000000000009efff]
[    0.000000]   node   0: [mem 0x0000000000100000-0x000000007ffeffff]
[    0.000000] Reserved but unavailable: 98 pages
[    0.000000] Initmem setup node 0 [mem 0x0000000000001000-0x000000007ffeffff]
[    0.000000] ACPI: PM-Timer IO Port: 0x4008
[    0.000000] IOAPIC[0]: apic_id 2, version 32, address 0xfec00000, GSI 0-23
[    0.000000] ACPI: INT_SRC_OVR (bus 0 bus_irq 0 global_irq 2 dfl dfl)
[    0.000000] ACPI: INT_SRC_OVR (bus 0 bus_irq 9 global_irq 9 low level)
[    0.000000] Using ACPI (MADT) for SMP configuration information
[    0.000000] smpboot: Allowing 2 CPUs, 0 hotplug CPUs
[    0.000000] PM: Registered nosave memory: [mem 0x00000000-0x00000fff]
[    0.000000] PM: Registered nosave memory: [mem 0x0009f000-0x0009ffff]
[    0.000000] PM: Registered nosave memory: [mem 0x000a0000-0x000effff]
[    0.000000] PM: Registered nosave memory: [mem 0x000f0000-0x000fffff]
[    0.000000] e820: [mem 0x80000000-0xfebfffff] available for PCI devices
[    0.000000] Booting paravirtualized kernel on KVM
[    0.000000] clocksource: refined-jiffies: mask: 0xffffffff max_cycles: 0xffffffff, max_idle_ns: 7645519600211568 ns
[    0.000000] random: get_random_bytes called from start_kernel+0x99/0x4fd with crng_init=0
[    0.000000] setup_percpu: NR_CPUS:8192 nr_cpumask_bits:2 nr_cpu_ids:2 nr_node_ids:1
[    0.000000] percpu: Embedded 45 pages/cpu s147456 r8192 d28672 u1048576
[    0.000000] PV qspinlock hash table entries: 256 (order: 0, 4096 bytes)
[    0.000000] Built 1 zonelists, mobility grouping on.  Total pages: 515961
[    0.000000] Policy zone: DMA32
[    0.000000] Kernel command line: BOOT_IMAGE=/boot/vmlinuz-4.15.0-106-generic root=LABEL=cloudimg-rootfs ro console=tty1 console=ttyS0
[    0.000000] Memory: 2015236K/2096696K available (12300K kernel code, 2481K rwdata, 4272K rodata, 2436K init, 2720K bss, 81460K reserved, 0K cma-reserved)
[    0.000000] SLUB: HWalign=64, Order=0-3, MinObjects=0, CPUs=2, Nodes=1
[    0.000000] Kernel/User page tables isolation: enabled
[    0.000000] ftrace: allocating 39378 entries in 154 pages
[    0.004000] Hierarchical RCU implementation.
[    0.004000] 	RCU restricting CPUs from NR_CPUS=8192 to nr_cpu_ids=2.
[    0.004000] 	Tasks RCU enabled.
[    0.004000] RCU: Adjusting geometry for rcu_fanout_leaf=16, nr_cpu_ids=2
[    0.004000] NR_IRQS: 524544, nr_irqs: 440, preallocated irqs: 16
[    0.004000] Console: colour VGA+ 80x25
[    0.004000] console [tty1] enabled
[    0.004000] console [ttyS0] enabled
[    0.004000] ACPI: Core revision 20170831
[    0.004000] ACPI: 2 ACPI AML tables successfully acquired and loaded
[    0.004000] APIC: Switch to symmetric I/O mode setup
[    0.004000] x2apic enabled
[    0.004000] Switched APIC routing to physical x2apic.
[    0.004000] ..TIMER: vector=0x30 apic1=0 pin1=2 apic2=-1 pin2=-1
[    0.004003] tsc: Detected 2591.998 MHz processor
[    0.004671] Calibrating delay loop (skipped) preset value.. 5183.99 BogoMIPS (lpj=10367992)
[    0.005222] pid_max: default: 32768 minimum: 301
[    0.005930] Security Framework initialized
[    0.006553] Yama: becoming mindful.
[    0.008015] AppArmor: AppArmor initialized
[    0.010463] Dentry cache hash table entries: 262144 (order: 9, 2097152 bytes)
[    0.012042] Inode-cache hash table entries: 131072 (order: 8, 1048576 bytes)
[    0.013048] Mount-cache hash table entries: 4096 (order: 3, 32768 bytes)
[    0.014043] Mountpoint-cache hash table entries: 4096 (order: 3, 32768 bytes)
[    0.016195] Last level iTLB entries: 4KB 64, 2MB 8, 4MB 8
[    0.016961] Last level dTLB entries: 4KB 64, 2MB 0, 4MB 0, 1GB 4
[    0.017788] Spectre V1 : Mitigation: usercopy/swapgs barriers and __user pointer sanitization
[    0.020002] Spectre V2 : Mitigation: Full generic retpoline
[    0.020806] Spectre V2 : Spectre v2 / SpectreRSB mitigation: Filling RSB on context switch
[    0.021994] Speculative Store Bypass: Vulnerable
[    0.023008] SRBDS: Unknown: Dependent on hypervisor status
[    0.024001] MDS: Mitigation: Clear CPU buffers
[    0.024775] Freeing SMP alternatives memory: 36K
[    0.136000] smpboot: CPU0: Intel(R) Core(TM) i7-9750H CPU @ 2.60GHz (family: 0x6, model: 0x9e, stepping: 0xa)
[    0.136000] Performance Events: unsupported p6 CPU model 158 no PMU driver, software events only.
[    0.136000] Hierarchical SRCU implementation.
[    0.136000] NMI watchdog: Perf event create on CPU 0 failed with -2
[    0.136002] NMI watchdog: Perf NMI watchdog permanently disabled
[    0.136989] smp: Bringing up secondary CPUs ...
[    0.137711] x86: Booting SMP configuration:
[    0.140002] .... node  #0, CPUs:      #1
[    0.004000] kvm-clock: cpu 1, msr 0:7ff44041, secondary cpu clock
[    0.143385] smp: Brought up 1 node, 2 CPUs
[    0.144004] smpboot: Max logical packages: 1
[    0.145193] smpboot: Total of 2 processors activated (10367.99 BogoMIPS)
[    0.146220] devtmpfs: initialized
[    0.146220] x86/mm: Memory block size: 128MB
[    0.148136] evm: security.selinux
[    0.148697] evm: security.SMACK64
[    0.149184] evm: security.SMACK64EXEC
[    0.149752] evm: security.SMACK64TRANSMUTE
[    0.150334] evm: security.SMACK64MMAP
[    0.150863] evm: security.apparmor
[    0.151359] evm: security.ima
[    0.151817] evm: security.capability
[    0.152063] clocksource: jiffies: mask: 0xffffffff max_cycles: 0xffffffff, max_idle_ns: 7645041785100000 ns
[    0.153339] futex hash table entries: 512 (order: 3, 32768 bytes)
[    0.154355] pinctrl core: initialized pinctrl subsystem
[    0.155221] RTC time: 11:25:38, date: 06/22/20
[    0.156089] NET: Registered protocol family 16
[    0.156797] audit: initializing netlink subsys (disabled)
[    0.157594] audit: type=2000 audit(1592825143.192:1): state=initialized audit_enabled=0 res=1
[    0.157594] cpuidle: using governor ladder
[    0.160006] cpuidle: using governor menu
[    0.160598] ACPI: bus type PCI registered
[    0.161181] acpiphp: ACPI Hot Plug PCI Controller Driver version: 0.5
[    0.162177] PCI: Using configuration type 1 for base access
[    0.164031] HugeTLB registered 2.00 MiB page size, pre-allocated 0 pages
[    0.164955] ACPI: Added _OSI(Module Device)
[    0.164955] ACPI: Added _OSI(Processor Device)
[    0.168002] ACPI: Added _OSI(3.0 _SCP Extensions)
[    0.168673] ACPI: Added _OSI(Processor Aggregator Device)
[    0.169427] ACPI: Added _OSI(Linux-Dell-Video)
[    0.170056] ACPI: Added _OSI(Linux-Lenovo-NV-HDMI-Audio)
[    0.170791] ACPI: Added _OSI(Linux-HPI-Hybrid-Graphics)
[    0.171781] ACPI: Executed 1 blocks of module-level executable AML code
[    0.174227] ACPI: Interpreter enabled
[    0.174774] ACPI: (supports S0 S5)
[    0.176002] ACPI: Using IOAPIC for interrupt routing
[    0.176852] PCI: Using host bridge windows from ACPI; if necessary, use "pci=nocrs" and report a bug
[    0.178290] ACPI: Enabled 2 GPEs in block 00 to 07
[    0.184000] ACPI: PCI Root Bridge [PCI0] (domain 0000 [bus 00-ff])
[    0.184005] acpi PNP0A03:00: _OSC: OS supports [ASPM ClockPM Segments MSI]
[    0.185256] acpi PNP0A03:00: _OSC: not requesting OS control; OS requires [ExtendedConfig ASPM ClockPM MSI]
[    0.188014] acpi PNP0A03:00: fail to add MMCONFIG information, can't access extended PCI configuration space under this bridge.
[    0.190138] PCI host bridge to bus 0000:00
[    0.190724] pci_bus 0000:00: root bus resource [io  0x0000-0x0cf7 window]
[    0.191640] pci_bus 0000:00: root bus resource [io  0x0d00-0xffff window]
[    0.192002] pci_bus 0000:00: root bus resource [mem 0x000a0000-0x000bffff window]
[    0.193044] pci_bus 0000:00: root bus resource [mem 0x80000000-0xfdffffff window]
[    0.194186] pci_bus 0000:00: root bus resource [bus 00-ff]
[    0.197227] pci 0000:00:01.1: legacy IDE quirk: reg 0x10: [io  0x01f0-0x01f7]
[    0.198194] pci 0000:00:01.1: legacy IDE quirk: reg 0x14: [io  0x03f6]
[    0.199123] pci 0000:00:01.1: legacy IDE quirk: reg 0x18: [io  0x0170-0x0177]
[    0.200002] pci 0000:00:01.1: legacy IDE quirk: reg 0x1c: [io  0x0376]
[    0.219171] pci 0000:00:07.0: quirk: [io  0x4000-0x403f] claimed by PIIX4 ACPI
[    0.220015] pci 0000:00:07.0: quirk: [io  0x4100-0x410f] claimed by PIIX4 SMB
[    0.235205] ACPI: PCI Interrupt Link [LNKA] (IRQs 5 9 10 *11)
[    0.236266] ACPI: PCI Interrupt Link [LNKB] (IRQs 5 9 *10 11)
[    0.237319] ACPI: PCI Interrupt Link [LNKC] (IRQs 5 *9 10 11)
[    0.238509] ACPI: PCI Interrupt Link [LNKD] (IRQs 5 9 10 *11)
[    0.240320] SCSI subsystem initialized
[    0.241012] pci 0000:00:02.0: vgaarb: setting as boot VGA device
[    0.241086] pci 0000:00:02.0: vgaarb: VGA device added: decodes=io+mem,owns=io+mem,locks=none
[    0.244010] pci 0000:00:02.0: vgaarb: bridge control possible
[    0.245076] vgaarb: loaded
[    0.245596] ACPI: bus type USB registered
[    0.246297] usbcore: registered new interface driver usbfs
[    0.247210] usbcore: registered new interface driver hub
[    0.248019] usbcore: registered new device driver usb
[    0.248919] EDAC MC: Ver: 3.0.0
[    0.248919] PCI: Using ACPI for IRQ routing
[    0.249051] NetLabel: Initializing
[    0.249665] NetLabel:  domain hash size = 128
[    0.252006] NetLabel:  protocols = UNLABELED CIPSOv4 CALIPSO
[    0.252962] NetLabel:  unlabeled traffic allowed by default
[    0.253891] clocksource: Switched to clocksource kvm-clock
[    0.264635] VFS: Disk quotas dquot_6.6.0
[    0.265375] VFS: Dquot-cache hash table entries: 512 (order 0, 4096 bytes)
[    0.266687] AppArmor: AppArmor Filesystem Enabled
[    0.267501] pnp: PnP ACPI init
[    0.269142] pnp: PnP ACPI: found 3 devices
[    0.278249] clocksource: acpi_pm: mask: 0xffffff max_cycles: 0xffffff, max_idle_ns: 2085701024 ns
[    0.279747] NET: Registered protocol family 2
[    0.280659] TCP established hash table entries: 16384 (order: 5, 131072 bytes)
[    0.281876] TCP bind hash table entries: 16384 (order: 6, 262144 bytes)
[    0.282921] TCP: Hash tables configured (established 16384 bind 16384)
[    0.284499] UDP hash table entries: 1024 (order: 3, 32768 bytes)
[    0.286541] UDP-Lite hash table entries: 1024 (order: 3, 32768 bytes)
[    0.287778] NET: Registered protocol family 1
[    0.288463] pci 0000:00:00.0: Limiting direct PCI/PCI transfers
[    0.289323] pci 0000:00:01.0: Activating ISA DMA hang workarounds
[    0.290226] pci 0000:00:02.0: Video device with shadowed ROM at [mem 0x000c0000-0x000dffff]
[    0.291700] Unpacking initramfs...
[    0.540010] Freeing initrd memory: 19208K
[    0.542864] clocksource: tsc: mask: 0xffffffffffffffff max_cycles: 0x255cb518234, max_idle_ns: 440795279333 ns
[    0.544548] platform rtc_cmos: registered platform RTC device (no PNP device found)
[    0.545835] Scanning for low memory corruption every 60 seconds
[    0.547440] Initialise system trusted keyrings
[    0.548286] Key type blacklist registered
[    0.549033] workingset: timestamp_bits=36 max_order=19 bucket_order=0
[    0.550814] zbud: loaded
[    0.551654] squashfs: version 4.0 (2009/01/31) Phillip Lougher
[    0.552871] fuse init (API version 7.26)
[    0.555749] Key type asymmetric registered
[    0.556516] Asymmetric key parser 'x509' registered
[    0.557310] Block layer SCSI generic (bsg) driver version 0.4 loaded (major 246)
[    0.558658] io scheduler noop registered
[    0.559283] io scheduler deadline registered
[    0.559926] io scheduler cfq registered (default)
[    0.561108] ACPI: AC Adapter [AC] (on-line)
[    0.562050] input: Power Button as /devices/LNXSYSTM:00/LNXPWRBN:00/input/input0
[    0.563539] ACPI: Power Button [PWRF]
[    0.564434] input: Sleep Button as /devices/LNXSYSTM:00/LNXSLPBN:00/input/input1
[    0.565938] ACPI: Sleep Button [SLPF]
[    0.567532] ACPI: Battery Slot [BAT0] (battery present)
[    0.568176] Serial: 8250/16550 driver, 32 ports, IRQ sharing enabled
[    0.590145] 00:02: ttyS0 at I/O 0x3f8 (irq = 4, base_baud = 115200) is a 16550A
[    0.592553] Linux agpgart interface v0.103
[    0.595838] loop: module loaded
[    0.596852] scsi host0: ata_piix
[    0.597683] scsi host1: ata_piix
[    0.598405] ata1: PATA max UDMA/33 cmd 0x1f0 ctl 0x3f6 bmdma 0xd000 irq 14
[    0.599398] ata2: PATA max UDMA/33 cmd 0x170 ctl 0x376 bmdma 0xd008 irq 15
[    0.600433] libphy: Fixed MDIO Bus: probed
[    0.601466] tun: Universal TUN/TAP device driver, 1.6
[    0.602406] PPP generic driver version 2.4.2
[    0.603254] ehci_hcd: USB 2.0 'Enhanced' Host Controller (EHCI) Driver
[    0.604252] ehci-pci: EHCI PCI platform driver
[    0.604899] ehci-platform: EHCI generic platform driver
[    0.605665] ohci_hcd: USB 1.1 'Open' Host Controller (OHCI) Driver
[    0.606740] ohci-pci: OHCI PCI platform driver
[    0.607502] ohci-platform: OHCI generic platform driver
[    0.608377] uhci_hcd: USB Universal Host Controller Interface driver
[    0.609906] i8042: PNP: PS/2 Controller [PNP0303:PS2K,PNP0f03:PS2M] at 0x60,0x64 irq 1,12
[    0.611491] serio: i8042 KBD port at 0x60,0x64 irq 1
[    0.612239] serio: i8042 AUX port at 0x60,0x64 irq 12
[    0.613006] mousedev: PS/2 mouse device common for all mice
[    0.613963] input: AT Translated Set 2 keyboard as /devices/platform/i8042/serio0/input/input2
[    0.615437] rtc_cmos rtc_cmos: rtc core: registered rtc_cmos as rtc0
[    0.616380] rtc_cmos rtc_cmos: alarms up to one day, 114 bytes nvram
[    0.617256] i2c /dev entries driver
[    0.617803] device-mapper: uevent: version 1.0.3
[    0.618494] device-mapper: ioctl: 4.37.0-ioctl (2017-09-20) initialised: dm-devel@redhat.com
[    0.619813] ledtrig-cpu: registered to indicate activity on CPUs
[    0.621041] NET: Registered protocol family 10
[    0.624211] Segment Routing with IPv6
[    0.625066] NET: Registered protocol family 17
[    0.625991] Key type dns_resolver registered
[    0.626722] mce: Using 0 MCE banks
[    0.627231] RAS: Correctable Errors collector initialized.
[    0.627994] sched_clock: Marking stable (626680027, 0)->(767330618, -140650591)
[    0.630107] registered taskstats version 1
[    0.630705] Loading compiled-in X.509 certificates
[    0.633046] Loaded X.509 cert 'Build time autogenerated kernel key: b1772ce3e036cbf6bf2b7e9ed9be0f8806d61091'
[    0.634543] zswap: loaded using pool lzo/zbud
[    0.637617] Key type big_key registered
[    0.638185] Key type trusted registered
[    0.640220] Key type encrypted registered
[    0.640853] AppArmor: AppArmor sha1 policy hashing enabled
[    0.641737] ima: No TPM chip found, activating TPM-bypass! (rc=-19)
[    0.642664] ima: Allocated hash algorithm: sha1
[    0.643333] evm: HMAC attrs: 0x1
[    0.644103]   Magic number: 8:194:429
[    0.644726] rtc_cmos rtc_cmos: setting system clock to 2020-06-22 11:25:39 UTC (1592825139)
[    0.646092] BIOS EDD facility v0.16 2004-Jun-25, 0 devices found
[    0.646966] EDD information not available.
[    0.768962] Freeing unused kernel image memory: 2436K
[    0.780626] Write protecting the kernel read-only data: 20480k
[    0.783412] Freeing unused kernel image memory: 2008K
[    0.785071] Freeing unused kernel image memory: 1872K
[    0.792941] x86/mm: Checked W+X mappings: passed, no W+X pages found.
[    0.794375] x86/mm: Checking user space page tables
[    0.801616] x86/mm: Checked W+X mappings: passed, no W+X pages found.
Loading, please wait...
starting version 237
[    0.856156] e1000: Intel(R) PRO/1000 Network Driver - version 7.3.21-k8-NAPI
[    0.857341] e1000: Copyright (c) 1999-2006 Intel Corporation.
[    0.860647] Fusion MPT base driver 3.04.20
[    0.861407] Copyright (c) 1999-2008 LSI Corporation
[    0.864905] Fusion MPT SPI Host driver 3.04.20
[    0.883133] AVX2 version of gcm_enc/dec engaged.
[    0.884149] AES CTR mode by8 optimization enabled
[    1.078895] input: ImExPS/2 Generic Explorer Mouse as /devices/platform/i8042/serio1/input/input4
[    1.240130] e1000 0000:00:03.0 eth0: (PCI:33MHz:32-bit) 02:08:97:ad:f6:aa
[    1.241655] e1000 0000:00:03.0 eth0: Intel(R) PRO/1000 Network Connection
[    1.244367] mptbase: ioc0: Initiating bringup
[    1.592163] ioc0: LSI53C1030 A0: Capabilities={Initiator}
[    1.938061] scsi host2: ioc0: LSI53C1030 A0, FwRev=00000000h, Ports=1, MaxQ=256, IRQ=20
[    2.597322] scsi 2:0:0:0: Direct-Access     VBOX     HARDDISK         1.0  PQ: 0 ANSI: 5
[    2.628158] scsi target2:0:0: Beginning Domain Validation
[    2.631506] scsi target2:0:0: Domain Validation skipping write tests
[    2.632950] scsi target2:0:0: Ending Domain Validation
[    2.634156] scsi target2:0:0: asynchronous
[    2.635899] scsi 2:0:1:0: Direct-Access     VBOX     HARDDISK         1.0  PQ: 0 ANSI: 5
[    2.904136] scsi target2:0:1: Beginning Domain Validation
[    2.907042] random: fast init done
[    2.907722] scsi target2:0:1: Domain Validation skipping write tests
[    2.908862] scsi target2:0:1: Ending Domain Validation
[    2.909884] scsi target2:0:1: asynchronous
[    2.912907] random: systemd-udevd: uninitialized urandom read (16 bytes read)
[    2.913941] random: systemd-udevd: uninitialized urandom read (16 bytes read)
[    2.914960] random: systemd-udevd: uninitialized urandom read (16 bytes read)
[    2.916111] sd 2:0:0:0: Attached scsi generic sg0 type 0
[    2.917282] sd 2:0:1:0: Attached scsi generic sg1 type 0
[    2.918498] sd 2:0:1:0: [sdb] 20480 512-byte logical blocks: (10.5 MB/10.0 MiB)
[    2.920921] sd 2:0:1:0: [sdb] Write Protect is off
[    2.921835] sd 2:0:1:0: [sdb] Incomplete mode parameter data
[    2.922697] sd 2:0:1:0: [sdb] Assuming drive cache: write through
[    2.924041] sd 2:0:0:0: [sda] 20971520 512-byte logical blocks: (10.7 GB/10.0 GiB)
[    2.926271] sd 2:0:0:0: [sda] Write Protect is off
[    2.927504] sd 2:0:0:0: [sda] Incomplete mode parameter data
[    2.927682] sd 2:0:1:0: [sdb] Attached SCSI disk
[    2.928365] sd 2:0:0:0: [sda] Assuming drive cache: write through
[    2.931326]  sda: sda1
[    2.932299] sd 2:0:0:0: [sda] Attached SCSI disk
[    2.972663] e1000 0000:00:08.0 eth1: (PCI:33MHz:32-bit) 08:00:27:77:5f:ba
[    2.974036] e1000 0000:00:08.0 eth1: Intel(R) PRO/1000 Network Connection
[    2.976553] e1000 0000:00:08.0 enp0s8: renamed from eth1
[    2.997831] e1000 0000:00:03.0 enp0s3: renamed from eth0
Begin: Loading essential drivers ... [    4.372821] raid6: sse2x1   gen() 13556 MB/s
[    4.424021] raid6: sse2x1   xor() 10794 MB/s
[    4.472729] raid6: sse2x2   gen() 15509 MB/s
[    4.520180] raid6: sse2x2   xor() 10629 MB/s
[    4.568142] raid6: sse2x4   gen() 14632 MB/s
[    4.616149] raid6: sse2x4   xor()  9861 MB/s
[    4.664692] raid6: avx2x1   gen() 23406 MB/s
[    4.712585] raid6: avx2x1   xor() 16667 MB/s
[    4.760429] raid6: avx2x2   gen() 28855 MB/s
[    4.808526] raid6: avx2x2   xor() 19389 MB/s
[    4.856104] raid6: avx2x4   gen() 30460 MB/s
[    4.904495] raid6: avx2x4   xor() 21015 MB/s
[    4.905238] raid6: using algorithm avx2x4 gen() 30460 MB/s
[    4.906353] raid6: .... xor() 21015 MB/s, rmw enabled
[    4.907392] raid6: using avx2x2 recovery algorithm
[    4.909822] xor: automatically using best checksumming function   avx       
[    4.912643] async_tx: api initialized (async)
done.
Begin: Running /scripts/init-premount ... done.
Begin: Mounting root file system ... Begin: Running /scripts/local-top ... done.
Begin: Running /scripts/local-premount ... [    4.963624] Btrfs loaded, crc32c=crc32c-intel
Scanning for Btrfs filesystems
done.
Warning: fsck not present, so skipping root file system
[    4.989777] EXT4-fs (sda1): mounted filesystem with ordered data mode. Opts: (null)
done.
Begin: Running /scripts/local-bottom ... done.
Begin: Running /scripts/init-bottom ... done.
[    5.102022] ip_tables: (C) 2000-2006 Netfilter Core Team
[    5.111121] systemd[1]: systemd 237 running in system mode. (+PAM +AUDIT +SELINUX +IMA +APPARMOR +SMACK +SYSVINIT +UTMP +LIBCRYPTSETUP +GCRYPT +GNUTLS +ACL +XZ +LZ4 +SECCOMP +BLKID +ELFUTILS +KMOD -IDN2 +IDN -PCRE2 default-hierarchy=hybrid)
[    5.117004] systemd[1]: Detected virtualization oracle.
[    5.118368] systemd[1]: Detected architecture x86-64.

Welcome to [1mUbuntu 18.04.4 LTS[0m!

[    5.136715] systemd[1]: Set hostname to <ubuntu>.
[    5.141637] systemd[1]: Initializing machine ID from random generator.
[    5.143350] systemd[1]: Installed transient /etc/machine-id file.
[    5.334507] systemd[1]: Set up automount Arbitrary Executable File Formats File System Automount Point.
[[0;32m  OK  [0m] Set up automount Arbitrary Executabâ€¦rmats File System Automount Point.
[    5.337678] systemd[1]: Reached target Swap.
[[0;32m  OK  [0m] Reached target Swap.
[    5.350452] systemd[1]: Created slice User and Session Slice.
[[0;32m  OK  [0m] Created slice User and Session Slice.
[    5.352763] systemd[1]: Reached target User and Group Name Lookups.
[[0;32m  OK  [0m] Reached target User and Group Name Lookups.
[[0;32m  OK  [0m] Created slice System Slice.
[[0;32m  OK  [0m] Listening on Journal Socket.
[[0;32m  OK  [0m] Reached target Slices.
[[0;32m  OK  [0m] Listening on udev Control Socket.
[[0;32m  OK  [0m] Listening on /dev/initctl Compatibility Named Pipe.
         Mounting Huge Pages File System...
         Starting Remount Root and Kernel File Systems...
         Starting Uncomplicated firewall...
[[0;32m  OK  [0m] Listening on Syslog Socket.
         Mounting POSIX Message Queue File System...
[    5.377878] EXT4-fs (sda1): re-mounted. Opts: (null)
[[0;32m  OK  [0m] Created slice system-serial\x2dgetty.slice.
[[0;32m  OK  [0m] Listening on Journal Socket (/dev/log).
         Starting Set the console keyboard layout...
         Starting Create list of required stâ€¦ce nodes for the current kernel...
         Starting Load Kernel Modules...
[[0;32m  OK  [0m] Listening on udev Kernel Socket.
         Starting udev Coldplug all Devices...
         Mounting Kernel Debug File System...
[[0;32m  OK  [0m] Listening on Device-mapper event daemon FIFOs.
[[0;32m  OK  [0m] Listening on Journal Audit Socket.
         Starting Journal Service...
[[0;32m  OK  [0m] Listening on LVM2 metadata daemon socket.
[[0;32m  OK  [0m] Reached target System Time Synchronized.
[[0;32m  OK  [0m] Listening on LVM2 poll daemon socket.
         Starting Monitoring of LVM2 mirrorsâ€¦ng dmeventd or progress polling...
[[0;32m  OK  [0m] Started Forward Password Requests to Wall Directory Watch.
[[0;32m  OK  [0m] Listening on Network Service Netlink Socket.
[    5.420327] Loading iSCSI transport class v2.0-870.
[[0;32m  OK  [0m] Mounted Huge Pages File System.
[[0;32m  OK  [0m] Started Remount Root and Kernel File Systems.
[[0;32m  OK  [0m] Started Uncomplicated firewall.
[    5.429162] iscsi: registered transport (tcp)
[[0;32m  OK  [0m] Mounted POSIX Message Queue File System.
[[0;32m  OK  [0m] Started Create list of required staâ€¦vice nodes for the current kernel.
[[0;32m  OK  [0m] Mounted Kernel Debug File System.
         Starting Create Static Device Nodes in /dev...
[    5.489172] iscsi: registered transport (iser)
         Starting Load/Save Random Seed...
[[0;32m  OK  [0m] Started Journal Service.
[[0;32m  OK  [0m] Started Load Kernel Modules.
[[0;32m  OK  [0m] Started Create Static Device Nodes in /dev.
         Starting udev Kernel Device Manager...
         Starting Apply Kernel Variables...
         Mounting FUSE Control File System...
         Mounting Kernel Configuration File System...
         Starting Flush Journal to Persistent Storage...
[[0;32m  OK  [0m] Mounted Kernel Configuration File System.
[[0;32m  OK  [0m] Started LVM2 metadata daemon.
[[0;32m  OK  [0m] Mounted FUSE Control File System.
[[0;32m  OK  [0m] Started Load/Save Random Seed.
[[0;32m  OK  [0m] Started udev Coldplug all Devices.
[[0;32m  OK  [0m] Started udev Kernel Device Manager.
[[0;32m  OK  [0m] Started Set the console keyboard layout.
[[0;32m  OK  [0m] Started Dispatch Password Requests to Console Directory Watch.
[[0;32m  OK  [0m] Reached target Local Encrypted Volumes.
[[0;32m  OK  [0m] Started Apply Kernel Variables.
[[0;32m  OK  [0m] Started Monitoring of LVM2 mirrors,â€¦sing dmeventd or progress polling.
[[0;32m  OK  [0m] Reached target Local File Systems (Pre).
[[0;32m  OK  [0m] Reached target Local File Systems.
         Starting Tell Plymouth To Write Out Runtime Data...
         Starting Commit a transient machine-id on disk...
         Starting AppArmor initialization...
         Starting ebtables ruleset management...
         Starting Set console font and keymap...
[[0;32m  OK  [0m] Started Flush Journal to Persistent Storage.
[[0;32m  OK  [0m] Started Tell Plymouth To Write Out Runtime Data.
         Starting Create Volatile Files and Directories...
[[0;32m  OK  [0m] Started Set console font and keymap.
[[0;32m  OK  [0m] Started Create Volatile Files and Directories.
[[0;32m  OK  [0m] Started Commit a transient machine-id on disk.
         Starting Update UTMP about System Boot/Shutdown...
[[0;32m  OK  [0m] Started Update UTMP about System Boot/Shutdown.
[[0;32m  OK  [0m] Started ebtables ruleset management.
[[0;32m  OK  [0m] Found device /dev/ttyS0.
[[0;32m  OK  [0m] Listening on Load/Save RF Kill Switch Status /dev/rfkill Watch.
[[0;32m  OK  [0m] Started AppArmor initialization.
         Starting Initial cloud-init job (pre-networking)...
[    7.403442] cloud-init[562]: Cloud-init v. 19.4-33-gbb4131a2-0ubuntu1~18.04.1 running 'init-local' at Mon, 22 Jun 2020 11:25:45 +0000. Up 7.05 seconds.
[[0;32m  OK  [0m] Started Initial cloud-init job (pre-networking).
[[0;32m  OK  [0m] Reached target Network (Pre).
         Starting Network Service...
[[0;32m  OK  [0m] Started Network Service.
         Starting Wait for Network to be Configured...
         Starting Network Name Resolution...
[[0;32m  OK  [0m] Started Network Name Resolution.
[[0;32m  OK  [0m] Reached target Network.
[[0;32m  OK  [0m] Reached target Host and Network Name Lookups.
[[0;32m  OK  [0m] Started Wait for Network to be Configured.
         Starting Initial cloud-init job (metadata service crawler)...
[    9.498851] cloud-init[668]: Cloud-init v. 19.4-33-gbb4131a2-0ubuntu1~18.04.1 running 'init' at Mon, 22 Jun 2020 11:25:48 +0000. Up 9.37 seconds.
[    9.499891] cloud-init[668]: ci-info: ++++++++++++++++++++++++++++++++++++++Net device info++++++++++++++++++++++++++++++++++++++
[    9.500721] cloud-init[668]: ci-info: +--------+-------+---------------------------+---------------+--------+-------------------+
[    9.501850] cloud-init[668]: ci-info: | Device |   Up  |          Address          |      Mask     | Scope  |     Hw-Address    |
[    9.503002] cloud-init[668]: ci-info: +--------+-------+---------------------------+---------------+--------+-------------------+
[    9.503799] cloud-init[668]: ci-info: | enp0s3 |  True |         10.0.2.15         | 255.255.255.0 | global | 02:08:97:ad:f6:aa |
[    9.505056] cloud-init[668]: ci-info: | enp0s3 |  True | fe80::8:97ff:fead:f6aa/64 |       .       |  link  | 02:08:97:ad:f6:aa |
[    9.506441] cloud-init[668]: ci-info: | enp0s8 | False |             .             |       .       |   .    | 08:00:27:77:5f:ba |
[    9.507820] cloud-init[668]: ci-info: |   lo   |  True |         127.0.0.1         |   255.0.0.0   |  host  |         .         |
[    9.508809] cloud-init[668]: ci-info: |   lo   |  True |          ::1/128          |       .       |  host  |         .         |
[    9.520849] cloud-init[668]: ci-info: +--------+-------+---------------------------+---------------+--------+-------------------+
[    9.521895] cloud-init[668]: ci-info: ++++++++++++++++++++++++++++Route IPv4 info+++++++++++++++++++++++++++++
[    9.523029] cloud-init[668]: ci-info: +-------+-------------+----------+-----------------+-----------+-------+
[    9.532160] cloud-init[668]: ci-info: | Route | Destination | Gateway  |     Genmask     | Interface | Flags |
[    9.533139] cloud-init[668]: ci-info: +-------+-------------+----------+-----------------+-----------+-------+
[    9.534030] cloud-init[668]: ci-info: |   0   |   0.0.0.0   | 10.0.2.2 |     0.0.0.0     |   enp0s3  |   UG  |
[    9.535285] cloud-init[668]: ci-info: |   1   |   10.0.2.0  | 0.0.0.0  |  255.255.255.0  |   enp0s3  |   U   |
[    9.536602] cloud-init[668]: ci-info: |   2   |   10.0.2.2  | 0.0.0.0  | 255.255.255.255 |   enp0s3  |   UH  |
[    9.548150] cloud-init[668]: ci-info: +-------+-------------+----------+-----------------+-----------+-------+
[    9.549501] cloud-init[668]: ci-info: +++++++++++++++++++Route IPv6 info+++++++++++++++++++
[    9.550553] cloud-init[668]: ci-info: +-------+-------------+---------+-----------+-------+
[    9.551605] cloud-init[668]: ci-info: | Route | Destination | Gateway | Interface | Flags |
[    9.552734] cloud-init[668]: ci-info: +-------+-------------+---------+-----------+-------+
[    9.553848] cloud-init[668]: ci-info: |   1   |  fe80::/64  |    ::   |   enp0s3  |   U   |
[    9.555006] cloud-init[668]: ci-info: |   3   |    local    |    ::   |   enp0s3  |   U   |
[    9.564148] cloud-init[668]: ci-info: |   4   |   ff00::/8  |    ::   |   enp0s3  |   U   |
[    9.565245] cloud-init[668]: ci-info: +-------+-------------+---------+-----------+-------+
[   10.114872] cloud-init[668]: Generating public/private rsa key pair.
[   10.115526] cloud-init[668]: Your identification has been saved in /etc/ssh/ssh_host_rsa_key.
[   10.116264] cloud-init[668]: Your public key has been saved in /etc/ssh/ssh_host_rsa_key.pub.
[   10.116914] cloud-init[668]: The key fingerprint is:
[   10.117333] cloud-init[668]: SHA256:2ZK8r7kUjTt0iUfMsbtnIhgcI8AONnlP/BjBAB4l5vI root@ubuntu-bionic
[   10.118502] cloud-init[668]: The key's randomart image is:
[   10.119242] cloud-init[668]: +---[RSA 2048]----+
[   10.119881] cloud-init[668]: | *=o+..   .      |
[   10.132375] cloud-init[668]: |=++o =   o o     |
[   10.144283] cloud-init[668]: |o=o + *   =      |
[   10.144825] cloud-init[668]: |...  = = O o     |
[   10.145355] cloud-init[668]: |  E   o S B      |
[   10.156249] cloud-init[668]: |       + B .     |
[[0;32m  OK  [0m] Started Initial cloud-init job (metadata service crawler).
[   10.168291] cloud-init[668]: |      . * o o    |
[[0;32m  OK  [0m] Reached target Cloud-config availability.
[[0;32m  OK  [0m] Reached target System Initialization.
[   10.180531] cloud-init[668]: |       . = +     |         Starting LXD - unix socket.
[[0;32m  OK  [0m] Listening on UUID daemon activation socket.
[[0;32m  OK  [0m] Started Discard unused blocks once a week.

[[0;32m  OK  [0m] Listening on D-Bus System Message Bus Socket.
[   10.204136] [[0;32m  OK  [0m] Started Message of the Day.
[[0;32m  OK  [0m] Listening on ACPID Listen Socket.
cloud-init[668]: |        +o.      |
[[0;32m  OK  [0m] Started ACPI Events Check.
[   10.207747] [[0;32m  OK  [0m] Started Daily Cleanup of Temporary Directories.
cloud-init[668]: +----[SHA256]-----+
         Starting Socket activation for snappy daemon.
[   10.209906] [[0;32m  OK  [0m] Started Daily apt download activities.
[[0;32m  OK  [0m] Started Daily apt upgrade and clean activities.
[[0;32m  OK  [0m] Reached target Timers.
[[0;32m  OK  [0m] Reached target Paths.
[[0;32m  OK  [0m] Listening on Open-iSCSI iscsid Socket.
[[0;32m  OK  [0m] Reached target Network is Online.
[[0;32m  OK  [0m] Reached target Remote File Systems (Pre).
[[0;32m  OK  [0m] Reached target Remote File Systems.
         Starting Availability of block devices...
[[0;32m  OK  [0m] Listening on LXD - unix socket.
cloud-init[668]: Generating public/private dsa key pair.
[   10.217800] cloud-init[668]: Your identification has been saved in /etc/ssh/ssh_host_dsa_key.
[[0;32m  OK  [0m] Listening on Socket activation for snappy daemon.
[[0;32m  OK  [0m] Reached target Sockets.
[[0;32m  OK  [0m] Reached target Basic System.
[   10.224502] cloud-init[668]: Your public key has been saved in /etc/ssh/ssh_host_dsa_key.pub.
[[0;32m  OK  [0m] Started D-Bus System Message Bus.
[   10.239158] cloud-init[668]: The key fingerprint is:
         Starting Permit User Sessions...
[   10.256487] cloud-init[668]: SHA256:a4hj3js0YzVoRdFw6YloF0nEgT7nL8Kl4iZnJXJrAxI root@ubuntu-bionic
[   10.258389] cloud-init         Starting Login Service...
[668]: [[0;32m  OK  [0m] Started FUSE filesystem for LXC.
The key's randomart image is:
[   10.261312] cloud-init[668]: +---[DSA 1024]----+
[   10.262120] cloud-init[668]: |       *B*..     |
[   10.262926] cloud-init[668]: |      . =.o      |
[   10.263710] cloud-init[668]: |     . + + .     |
[   10.264519] cloud-init[668]: |E     B * o      |
         Starting Pollinate to seed the pseudo random number generator...
[[0;32m  OK  [0m] Started irqbalance daemon.
[[0;32m  OK  [0m] Started Regular background program processing daemon.
[   10.270756] cloud-init[668]: | .   o *S.       |[[0;32m  OK  [0m] Started Deferred execution scheduler.
         Starting LXD - container startup/shutdown...
         Starting LSB: Record successful boot for GRUB...
         Starting LSB: automatic crash report generation...

[   10.276309] cloud-init[668]: |. o o.*.o.       |         Starting System Logging Service...

[   10.281827] cloud-init[668]: | . ++B.=o.       |
[   10.283378] cloud-init[668]: |  .oOo=.. .      |
[   10.284176] cloud-init[668]: |   Booo+ .       |
[   10.288651] cloud-init[668]: +----[SHA256]-----+
[   10.289685] cloud-init[668]: Generating public/private ecdsa key pair.
[   10.291143] cloud-init[668]: Your identification has been saved in /etc/ssh/ssh_host_ecdsa_key.
[   10.300240] cloud-init[668]: Your public key has been saved in /etc/ssh/ssh_host_ecdsa_key.pub.
[   10.301402] cloud-init[668]: The key fingerprint is:
[   10.312869] cloud-init[668]: SHA256:csI5vBN6EG9osl7f3OA1MF5ebhvNKsqNuezFhYxV7CU root@ubuntu-bionic
[   10.313848] cloud-init[668]: The key's randomart image is:
         Starting Snappy daemon...
[   10.328453] cloud-init[668]: +---[ECDSA 256]---+
[   10.329107] cloud-init[668]: |           ..    |
[   10.329894]          Starting Dispatcher daemon for systemd-networkd...
cloud-init         Starting Virtualbox guest utils...
         Starting Accounts Service...
[[0;32m  OK  [0m] Started Availability of block devices.
[[0;32m  OK  [0m] Started Permit User Sessions.
[668]: |           .E .  |
[   10.334109] cloud-init[668]: |    .     .. o   |
         Starting Hold until boot process finishes up...
[   10.348935] cloud-init[668]: |     * . + ..    |
[   10.349717]          Starting Terminate Plymouth Boot Screen...
[[0;32m  OK  [0m] Started System Logging Service.
cloud-init[668]: |  . + @ S + o    |
[   10.360246] [[0;32m  OK  [0m] Started Hold until boot process finishes up.
cloud-init[668]: |   + + O * + o   |
[   10.372228]          cloud-initStarting Set console scheme...[668]: 
|  . o + o * + o  |
[[0;32m  OK  [0m] Started Serial Getty on ttyS0.
[   10.373092] cloud-init[668]: | . . o B O.o +   |
[[0;32m  OK  [0m] Started Terminate Plymouth Boot Screen.
[   10.374012] cloud-init[668]: |  .   ..%oo.o    |
[   10.376096] cloud-init[668]: +----[SHA256]-----+
[   10.378341] cloud-init[668]: Generating public/private ed25519 key pair.
[   10.379359] cloud-init[668]: Your identification has been saved in /etc/ssh/ssh_host_ed25519_key.
[   10.381140] cloud-init[668]: Your public key has been saved in /etc/ssh/ssh_host_ed25519_key.pub.
[   10.382636] cloud-init[668]: The key fingerprint is:
[   10.384075] cloud-init[668]: SHA256:9OSrdeo2fsmHXRHpjP9ZXn3uldjzjjRffuVYCDNBCF0 root@ubuntu-bionic
[   10.385614] cloud-init[668]: The key's randomart image is:
[   10.386586] cloud-init[668]: +--[ED25519 256]--+
[   10.387381] cloud-init[668]: |        .o +E   .|
[   10.388440] cloud-init[668]: |          o .  o |
[   10.389274] cloud-init[668]: |        . .  .+ .|
[   10.393829] cloud-init[668]: |       . +  +. + |
[   10.399469] cloud-init[668]: |        S o  +..o|
[   10.400391] cloud-init[668]: |           .  +.X|
[   10.401150] cloud-init[668]: |          o..=o@X|
[   10.401968] cloud-init[668]: |         ooo=.+*@|
[   10.403926] cloud-init[668]: |        .++o ..oB|
[   10.404856] cloud-init[668]: +----[SHA256]-----+
[[0;32m  OK  [0m] Started Login Service.
[[0;32m  OK  [0m] Started Unattended Upgrades Shutdown.
[[0;32m  OK  [0m] Started Set console scheme.
[[0;32m  OK  [0m] Created slice system-getty.slice.
[[0;32m  OK  [0m] Started Getty on tty1.
[[0;32m  OK  [0m] Reached target Login Prompts.
[[0;32m  OK  [0m] Started LXD - container startup/shutdown.
         Starting Authorization Manager...
[[0;32m  OK  [0m] Started LSB: automatic crash report generation.
[[0;32m  OK  [0m] Started Authorization Manager.
[[0;32m  OK  [0m] Started Accounts Service.
[[0;32m  OK  [0m] Started LSB: Record successful boot for GRUB.
[[0;32m  OK  [0m] Started Virtualbox guest utils.
[[0;32m  OK  [0m] Started Dispatcher daemon for systemd-networkd.
[[0;32m  OK  [0m] Started Snappy daemon.
         Starting Wait until snapd is fully seeded...

Ubuntu 18.04.4 LTS ubuntu-bionic ttyS0

ubuntu-bionic login: [   18.943955] cloud-init[1204]: Cloud-init v. 19.4-33-gbb4131a2-0ubuntu1~18.04.1 running 'modules:config' at Mon, 22 Jun 2020 11:25:57 +0000. Up 18.51 seconds.
ci-info: no authorized SSH keys fingerprints found for user ubuntu.
<14>Jun 22 11:25:58 ec2: 
<14>Jun 22 11:25:58 ec2: #############################################################
<14>Jun 22 11:25:58 ec2: -----BEGIN SSH HOST KEY FINGERPRINTS-----
<14>Jun 22 11:25:58 ec2: 1024 SHA256:a4hj3js0YzVoRdFw6YloF0nEgT7nL8Kl4iZnJXJrAxI root@ubuntu-bionic (DSA)
<14>Jun 22 11:25:58 ec2: 256 SHA256:csI5vBN6EG9osl7f3OA1MF5ebhvNKsqNuezFhYxV7CU root@ubuntu-bionic (ECDSA)
<14>Jun 22 11:25:58 ec2: 256 SHA256:9OSrdeo2fsmHXRHpjP9ZXn3uldjzjjRffuVYCDNBCF0 root@ubuntu-bionic (ED25519)
<14>Jun 22 11:25:58 ec2: 2048 SHA256:2ZK8r7kUjTt0iUfMsbtnIhgcI8AONnlP/BjBAB4l5vI root@ubuntu-bionic (RSA)
<14>Jun 22 11:25:58 ec2: -----END SSH HOST KEY FINGERPRINTS-----
<14>Jun 22 11:25:58 ec2: #############################################################
-----BEGIN SSH HOST KEY KEYS-----
ecdsa-sha2-nistp256 AAAAE2VjZHNhLXNoYTItbmlzdHAyNTYAAAAIbmlzdHAyNTYAAABBBH5U76eQMztFG9McupNSlFINRhXaLIbqlcHbjTriubSOaG+PrLU+rZ0GCJ4yo2/bCQuLx20IAX61ewidb2mEYr8= root@ubuntu-bionic
ssh-ed25519 AAAAC3NzaC1lZDI1NTE5AAAAIB5cCyhKmbLLWy58+q7UTtvjo8gaEQzEKhIqSkOue1KS root@ubuntu-bionic
ssh-rsa AAAAB3NzaC1yc2EAAAADAQABAAABAQCl2WSOC4ipHW8dzVEKUrfeuG1u92LPVGabXHf2znjVUJEJ2mP5heSffRJDVp8WLMGOCu1eMztpv9nrGM+BqHIKbyk8YGurlz3QzPeCsxkZycLW4xX1bGRzVUFYrS2A0d30ScE4rOO/K857y0inwbfs0DLpv77JXYTGhR/b2qgzDWk68c+30eaBrR/2L4INa8G6Z31xSYfzOf0gyCl3FVk7qM8MzIIANwFUiIpVCIv2ay3Nwz1uE37K9Zb2EW4Cy+pL2xVRMFp4PhwDb0zO33heVot4NJmmmZt8ErVOkUKdberVnwR+sBIvx7zU7NgR0c4FRRnP5eMKAQsJpFafNGl7 root@ubuntu-bionic
-----END SSH HOST KEY KEYS-----
[   19.472432] cloud-init[1336]: Cloud-init v. 19.4-33-gbb4131a2-0ubuntu1~18.04.1 running 'modules:final' at Mon, 22 Jun 2020 11:25:58 +0000. Up 19.34 seconds.
[   19.472978] cloud-init[1336]: ci-info: no authorized SSH keys fingerprints found for user ubuntu.
[   19.473460] cloud-init[1336]: Cloud-init v. 19.4-33-gbb4131a2-0ubuntu1~18.04.1 finished at Mon, 22 Jun 2020 11:25:58 +0000. Datasource DataSourceNoCloud [seed=/dev/sdb][dsmode=net].  Up 19.46 seconds
